// Vitest Snapshot v1, https://vitest.dev/guide/snapshot.html

exports[`AppCard.vue > should render component props 1`] = `
"<div class=\\"bg-white shadow border p-10 rounded\\">
  <h3 class=\\"text-lg md:text-xl text-center font-semibold font-serif mb-5\\">Card Title</h3>
</div>"
`;
