// Vitest Snapshot v1, https://vitest.dev/guide/snapshot.html

exports[`AppIcon.vue > should render component props 1`] = `
"<svg viewBox=\\"0 0 24 24\\" width=\\"24px\\" height=\\"24px\\">
  <use xmlns:xlink=\\"http://www.w3.org/1999/xlink\\" xlink:href=\\"/icons.svg#search\\" href=\\"/icons.svg#search\\"></use>
</svg>"
`;
